HTTP_RANGE 3737778527 3737778548
RANGE_ATTEMPT 3737778527 3737778548 0 EXIT 0
HTTP_RANGE 3737778507 3737778526
RANGE_ATTEMPT 3737778507 3737778526 0 EXIT 0
HTTP_RANGE 3736521413 3737778526
RANGE_ATTEMPT 3736521413 3737778526 0 EXIT 0
{"url": "https://huggingface.co/datasets/TianxingChen/RoboTwin2.0/resolve/3dc3b798668feb99ac61cc9086d84cbcc3d79186/objects.zip", "compressed_archive_bytes": 3737778549, "total_uncompressed_bytes": 4636111726, "selected_uncompressed_bytes": 1181127380}
HTTP_RANGE 69714421 89357777
RANGE_ATTEMPT 69714421 89357777 0 EXIT 0
HTTP_RANGE 98213577 148236058
RANGE_ATTEMPT 98213577 148236058 0 EXIT 0
HTTP_RANGE 824329871 826624595
RANGE_ATTEMPT 824329871 826624595 0 EXIT 0
HTTP_RANGE 936480430 939213205
RANGE_ATTEMPT 936480430 939213205 0 EXIT 0
HTTP_RANGE 999670192 1063933204
RANGE_ATTEMPT 999670192 1063933204 0 EXIT 0
HTTP_RANGE 1063932965 1072641532
RANGE_ATTEMPT 1063932965 1072641532 0 EXIT 0
HTTP_RANGE 1290461597 1343820061
RANGE_ATTEMPT 1290461597 1343820061 0 EXIT 0
HTTP_RANGE 1897385990 1947184037
RANGE_ATTEMPT 1897385990 1947184037 0 EXIT 0
HTTP_RANGE 1981355125 1994878100
RANGE_ATTEMPT 1981355125 1994878100 0 EXIT 0
HTTP_RANGE 2025096985 2075590360
RANGE_ATTEMPT 2025096985 2075590360 0 EXIT 0
HTTP_RANGE 2113410100 2151928649
RANGE_ATTEMPT 2113410100 2151928649 0 EXIT 0
HTTP_RANGE 2303820088 2332777743
RANGE_ATTEMPT 2303820088 2332777743 0 EXIT 0
HTTP_RANGE 3107858804 3132806370
RANGE_ATTEMPT 3107858804 3132806370 0 EXIT 0
HTTP_RANGE 3205394133 3230922259
RANGE_ATTEMPT 3205394133 3230922259 0 EXIT 0
HTTP_RANGE 3267227490 3329712994
RANGE_ATTEMPT 3267227490 3329712994 0 EXIT 0
HTTP_RANGE 3329712755 3377568487
RANGE_ATTEMPT 3329712755 3377568487 0 EXIT 0
HTTP_RANGE 3497255618 3564200572
RANGE_ATTEMPT 3497255618 3564200572 0 EXIT 0
HTTP_RANGE 3564200333 3631185363
RANGE_ATTEMPT 3564200333 3631185363 0 EXIT 0
HTTP_RANGE 3631185108 3697693299
RANGE_ATTEMPT 3631185108 3697693299 0 EXIT 0
HTTP_RANGE 3697693060 3736390958
RANGE_ATTEMPT 3697693060 3736390958 0 EXIT 0
TRANSFERRED_BYTES 783524157
