HTTP_RANGE 3737778527 3737778548
RANGE_ATTEMPT 3737778527 3737778548 0 EXIT 0
HTTP_RANGE 3737778507 3737778526
RANGE_ATTEMPT 3737778507 3737778526 0 EXIT 0
HTTP_RANGE 3736521413 3737778526
RANGE_ATTEMPT 3736521413 3737778526 0 EXIT 0
{"missing_files": 5696, "missing_bytes": 3383874113}
HTTP_RANGE 70 32426430
HTTP_RANGE 65007890 69714660
HTTP_RANGE 32426191 65008129
RANGE_ATTEMPT 65007890 69714660 0 EXIT 0
HTTP_RANGE 89357617 98213816
RANGE_ATTEMPT 89357617 98213816 0 EXIT 0
HTTP_RANGE 148235899 178447454
RANGE_ATTEMPT 70 32426430 0 EXIT 0
HTTP_RANGE 178447215 211774671
RANGE_ATTEMPT 32426191 65008129 0 EXIT 0
HTTP_RANGE 211774432 240470785
EXTRACTED 70 32426431 63
EXTRACTED 32426191 65008130 11
EXTRACTED 65007890 69714661 2
EXTRACTED 89357617 98213817 894
RANGE_ATTEMPT 148235899 178447454 0 EXIT 0
HTTP_RANGE 240470546 269728061
EXTRACTED 148235899 178447455 22
RANGE_ATTEMPT 211774432 240470785 0 EXIT 0
HTTP_RANGE 269727913 300421506
RANGE_ATTEMPT 178447215 211774671 0 EXIT 0
HTTP_RANGE 300421267 330012345
EXTRACTED 178447215 211774672 17
EXTRACTED 211774432 240470786 17
RANGE_ATTEMPT 240470546 269728061 0 EXIT 0
HTTP_RANGE 330012106 363281949
EXTRACTED 240470546 269728062 276
RANGE_ATTEMPT 269727913 300421506 0 EXIT 0
HTTP_RANGE 363281710 395339805
EXTRACTED 269727913 300421507 4
RANGE_ATTEMPT 300421267 330012345 0 EXIT 0
HTTP_RANGE 395339566 425818702
EXTRACTED 300421267 330012346 13
RANGE_ATTEMPT 330012106 363281949 0 EXIT 0
HTTP_RANGE 425818463 453098550
EXTRACTED 330012106 363281950 13
RANGE_ATTEMPT 363281710 395339805 0 EXIT 0
HTTP_RANGE 453098403 486560277
EXTRACTED 363281710 395339806 3091
RANGE_ATTEMPT 395339566 425818702 0 EXIT 0
HTTP_RANGE 486560038 516170838
EXTRACTED 395339566 425818703 25
curl: (35) OpenSSL SSL_connect: SSL_ERROR_SYSCALL in connection to huggingface.co:443 
RANGE_ATTEMPT 453098403 486560277 0 EXIT 35
curl: (35) OpenSSL SSL_connect: SSL_ERROR_SYSCALL in connection to huggingface.co:443 
RANGE_ATTEMPT 453098403 486560277 1 EXIT 35
RANGE_ATTEMPT 425818463 453098550 0 EXIT 0
HTTP_RANGE 516170599 545007529
EXTRACTED 425818463 453098551 12
curl: (35) OpenSSL SSL_connect: SSL_ERROR_SYSCALL in connection to huggingface.co:443 
RANGE_ATTEMPT 486560038 516170838 0 EXIT 35
curl: (35) OpenSSL SSL_connect: SSL_ERROR_SYSCALL in connection to huggingface.co:443 
RANGE_ATTEMPT 453098403 486560277 2 EXIT 35
curl: (35) OpenSSL SSL_connect: SSL_ERROR_SYSCALL in connection to huggingface.co:443 
RANGE_ATTEMPT 516170599 545007529 0 EXIT 35
curl: (35) OpenSSL SSL_connect: SSL_ERROR_SYSCALL in connection to huggingface.co:443 
RANGE_ATTEMPT 486560038 516170838 1 EXIT 35
HTTP_RANGE 453098403 486560277
curl: (35) OpenSSL SSL_connect: SSL_ERROR_SYSCALL in connection to us.aws.cdn.hf.co:443 
RANGE_ATTEMPT 516170599 545007529 1 EXIT 35
curl: (35) OpenSSL SSL_connect: SSL_ERROR_SYSCALL in connection to huggingface.co:443 
RANGE_ATTEMPT 486560038 516170838 2 EXIT 35
curl: (35) OpenSSL SSL_connect: SSL_ERROR_SYSCALL in connection to huggingface.co:443 
RANGE_ATTEMPT 453098403 486560277 0 EXIT 35
HTTP_RANGE 486560038 516170838
curl: (35) OpenSSL SSL_connect: SSL_ERROR_SYSCALL in connection to huggingface.co:443 
RANGE_ATTEMPT 516170599 545007529 2 EXIT 35
curl: (35) OpenSSL SSL_connect: SSL_ERROR_SYSCALL in connection to huggingface.co:443 
RANGE_ATTEMPT 453098403 486560277 1 EXIT 35
HTTP_RANGE 516170599 545007529
curl: (35) OpenSSL SSL_connect: SSL_ERROR_SYSCALL in connection to huggingface.co:443 
RANGE_ATTEMPT 453098403 486560277 2 EXIT 35
curl: (35) OpenSSL SSL_connect: SSL_ERROR_SYSCALL in connection to huggingface.co:443 
RANGE_ATTEMPT 516170599 545007529 0 EXIT 35
HTTP_RANGE 453098403 486560277
RANGE_ATTEMPT 486560038 516170838 0 EXIT 0
HTTP_RANGE 545007382 572123298
curl: (35) OpenSSL SSL_connect: SSL_ERROR_SYSCALL in connection to huggingface.co:443 
RANGE_ATTEMPT 516170599 545007529 1 EXIT 35
curl: (35) OpenSSL SSL_connect: SSL_ERROR_SYSCALL in connection to huggingface.co:443 
RANGE_ATTEMPT 453098403 486560277 0 EXIT 35
curl: (35) OpenSSL SSL_connect: SSL_ERROR_SYSCALL in connection to huggingface.co:443 
RANGE_ATTEMPT 545007382 572123298 0 EXIT 35
curl: (35) OpenSSL SSL_connect: SSL_ERROR_SYSCALL in connection to huggingface.co:443 
RANGE_ATTEMPT 516170599 545007529 2 EXIT 35
curl: (35) OpenSSL SSL_connect: SSL_ERROR_SYSCALL in connection to huggingface.co:443 
RANGE_ATTEMPT 453098403 486560277 1 EXIT 35
curl: (35) OpenSSL SSL_connect: SSL_ERROR_SYSCALL in connection to huggingface.co:443 
RANGE_ATTEMPT 545007382 572123298 1 EXIT 35
HTTP_RANGE 516170599 545007529
curl: (35) OpenSSL SSL_connect: SSL_ERROR_SYSCALL in connection to huggingface.co:443 
RANGE_ATTEMPT 453098403 486560277 2 EXIT 35
curl: (35) OpenSSL SSL_connect: SSL_ERROR_SYSCALL in connection to huggingface.co:443 
RANGE_ATTEMPT 545007382 572123298 2 EXIT 35
curl: (35) OpenSSL SSL_connect: SSL_ERROR_SYSCALL in connection to huggingface.co:443 
RANGE_ATTEMPT 516170599 545007529 0 EXIT 35
HTTP_RANGE 545007382 572123298
curl: (35) OpenSSL SSL_connect: SSL_ERROR_SYSCALL in connection to huggingface.co:443 
RANGE_ATTEMPT 516170599 545007529 1 EXIT 35
HTTP_RANGE 453098403 486560277
curl: (35) OpenSSL SSL_connect: SSL_ERROR_SYSCALL in connection to huggingface.co:443 
RANGE_ATTEMPT 545007382 572123298 0 EXIT 35
curl: (35) OpenSSL SSL_connect: SSL_ERROR_SYSCALL in connection to huggingface.co:443 
RANGE_ATTEMPT 516170599 545007529 2 EXIT 35
curl: (35) OpenSSL SSL_connect: SSL_ERROR_SYSCALL in connection to huggingface.co:443 
RANGE_ATTEMPT 453098403 486560277 0 EXIT 35
HTTP_RANGE 516170599 545007529
RANGE_ATTEMPT 545007382 572123298 1 EXIT 0
HTTP_RANGE 572123059 601844642
RANGE_ATTEMPT 453098403 486560277 1 EXIT 0
HTTP_RANGE 601844403 630743412
EXTRACTED 453098403 486560278 27
EXTRACTED 486560038 516170839 21
RANGE_ATTEMPT 516170599 545007529 0 EXIT 0
HTTP_RANGE 630743173 663264479
EXTRACTED 516170599 545007530 23
EXTRACTED 545007382 572123299 5
RANGE_ATTEMPT 572123059 601844642 0 EXIT 0
HTTP_RANGE 663264240 694933187
EXTRACTED 572123059 601844643 16
RANGE_ATTEMPT 601844403 630743412 0 EXIT 0
HTTP_RANGE 694933039 721798292
EXTRACTED 601844403 630743413 13
curl: (35) OpenSSL SSL_connect: SSL_ERROR_SYSCALL in connection to us.aws.cdn.hf.co:443 
RANGE_ATTEMPT 694933039 721798292 0 EXIT 35
RANGE_ATTEMPT 630743173 663264479 0 EXIT 0
HTTP_RANGE 721798053 752664624
EXTRACTED 630743173 663264480 14
curl: (35) OpenSSL SSL_connect: SSL_ERROR_SYSCALL in connection to huggingface.co:443 
RANGE_ATTEMPT 694933039 721798292 1 EXIT 35
RANGE_ATTEMPT 663264240 694933187 0 EXIT 0
HTTP_RANGE 752664385 785951590
EXTRACTED 663264240 694933188 32
curl: (35) OpenSSL SSL_connect: SSL_ERROR_SYSCALL in connection to huggingface.co:443 
RANGE_ATTEMPT 721798053 752664624 0 EXIT 35
curl: (35) OpenSSL SSL_connect: SSL_ERROR_SYSCALL in connection to huggingface.co:443 
RANGE_ATTEMPT 694933039 721798292 2 EXIT 35
HTTP_RANGE 694933039 721798292
curl: (35) OpenSSL SSL_connect: SSL_ERROR_SYSCALL in connection to huggingface.co:443 
RANGE_ATTEMPT 752664385 785951590 0 EXIT 35
curl: (35) OpenSSL SSL_connect: SSL_ERROR_SYSCALL in connection to huggingface.co:443 
RANGE_ATTEMPT 694933039 721798292 0 EXIT 35
curl: (35) OpenSSL SSL_connect: SSL_ERROR_SYSCALL in connection to huggingface.co:443 
RANGE_ATTEMPT 752664385 785951590 1 EXIT 35
RANGE_ATTEMPT 694933039 721798292 1 EXIT 0
HTTP_RANGE 785951351 819152954
EXTRACTED 694933039 721798293 3
RANGE_ATTEMPT 721798053 752664624 1 EXIT 0
HTTP_RANGE 819152801 824330110
EXTRACTED 721798053 752664625 19
RANGE_ATTEMPT 752664385 785951590 2 EXIT 0
HTTP_RANGE 826624439 857423760
EXTRACTED 752664385 785951591 12
RANGE_ATTEMPT 819152801 824330110 0 EXIT 0
HTTP_RANGE 895074157 920210272
RANGE_ATTEMPT 785951351 819152954 0 EXIT 0
HTTP_RANGE 920210119 936480669
EXTRACTED 785951351 819152955 16
EXTRACTED 819152801 824330111 12
RANGE_ATTEMPT 895074157 920210272 0 EXIT 0
HTTP_RANGE 939213051 967318367
RANGE_ATTEMPT 826624439 857423760 0 EXIT 0
HTTP_RANGE 967318128 999670431
EXTRACTED 826624439 857423761 13
EXTRACTED 895074157 920210273 40
curl: (35) OpenSSL SSL_connect: SSL_ERROR_SYSCALL in connection to huggingface.co:443 
RANGE_ATTEMPT 939213051 967318367 0 EXIT 35
curl: (35) OpenSSL SSL_connect: SSL_ERROR_SYSCALL in connection to huggingface.co:443 
RANGE_ATTEMPT 967318128 999670431 0 EXIT 35
RANGE_ATTEMPT 920210119 936480669 0 EXIT 0
HTTP_RANGE 1072641375 1105333391
EXTRACTED 920210119 936480670 2
curl: (35) OpenSSL SSL_connect: SSL_ERROR_SYSCALL in connection to huggingface.co:443 
RANGE_ATTEMPT 939213051 967318367 1 EXIT 35
curl: (35) OpenSSL SSL_connect: SSL_ERROR_SYSCALL in connection to huggingface.co:443 
RANGE_ATTEMPT 1072641375 1105333391 0 EXIT 35
curl: (35) OpenSSL SSL_connect: SSL_ERROR_SYSCALL in connection to huggingface.co:443 
RANGE_ATTEMPT 939213051 967318367 2 EXIT 35
HTTP_RANGE 939213051 967318367
curl: (35) OpenSSL SSL_connect: SSL_ERROR_SYSCALL in connection to huggingface.co:443 
RANGE_ATTEMPT 1072641375 1105333391 1 EXIT 35
curl: (35) OpenSSL SSL_connect: SSL_ERROR_SYSCALL in connection to huggingface.co:443 
RANGE_ATTEMPT 939213051 967318367 0 EXIT 35
curl: (35) OpenSSL SSL_connect: SSL_ERROR_SYSCALL in connection to huggingface.co:443 
RANGE_ATTEMPT 1072641375 1105333391 2 EXIT 35
HTTP_RANGE 1072641375 1105333391
curl: (35) OpenSSL SSL_connect: SSL_ERROR_SYSCALL in connection to huggingface.co:443 
RANGE_ATTEMPT 939213051 967318367 1 EXIT 35
curl: (35) OpenSSL SSL_connect: SSL_ERROR_SYSCALL in connection to huggingface.co:443 
RANGE_ATTEMPT 1072641375 1105333391 0 EXIT 35
curl: (35) OpenSSL SSL_connect: SSL_ERROR_SYSCALL in connection to huggingface.co:443 
RANGE_ATTEMPT 939213051 967318367 2 EXIT 35
HTTP_RANGE 939213051 967318367
RANGE_ATTEMPT 1072641375 1105333391 1 EXIT 0
HTTP_RANGE 1105333152 1138304453
RANGE_ATTEMPT 939213051 967318367 0 EXIT 0
HTTP_RANGE 1138304307 1169059539
EXTRACTED 939213051 967318368 24
curl: (28) Operation timed out after 59306 milliseconds with 16375 out of 32352304 bytes received
RANGE_ATTEMPT 967318128 999670431 1 EXIT 28
RANGE_ATTEMPT 1105333152 1138304453 0 EXIT 0
HTTP_RANGE 1169059300 1198734235
RANGE_ATTEMPT 1138304307 1169059539 0 EXIT 0
HTTP_RANGE 1198733996 1226330092
RANGE_ATTEMPT 967318128 999670431 2 EXIT 0
HTTP_RANGE 1226329941 1254695629
EXTRACTED 967318128 999670432 5
EXTRACTED 1072641375 1105333392 19
EXTRACTED 1105333152 1138304454 21
EXTRACTED 1138304307 1169059540 4
RANGE_ATTEMPT 1198733996 1226330092 0 EXIT 0
HTTP_RANGE 1254695390 1282986988
RANGE_ATTEMPT 1169059300 1198734235 0 EXIT 0
HTTP_RANGE 1282986749 1290461836
EXTRACTED 1169059300 1198734236 19
EXTRACTED 1198733996 1226330093 15
RANGE_ATTEMPT 1226329941 1254695629 0 EXIT 0
HTTP_RANGE 1343819904 1371524351
EXTRACTED 1226329941 1254695630 4
RANGE_ATTEMPT 1282986749 1290461836 0 EXIT 0
HTTP_RANGE 1371524112 1402809938
RANGE_ATTEMPT 1254695390 1282986988 0 EXIT 0
HTTP_RANGE 1402809699 1434374092
EXTRACTED 1254695390 1282986989 17
EXTRACTED 1282986749 1290461837 1
RANGE_ATTEMPT 1343819904 1371524351 0 EXIT 0
HTTP_RANGE 1441027034 1470617398
EXTRACTED 1343819904 1371524352 17
RANGE_ATTEMPT 1371524112 1402809938 0 EXIT 0
HTTP_RANGE 1470617159 1501068931
EXTRACTED 1371524112 1402809939 20
RANGE_ATTEMPT 1402809699 1434374092 0 EXIT 0
HTTP_RANGE 1501068784 1533254231
EXTRACTED 1402809699 1434374093 4
RANGE_ATTEMPT 1441027034 1470617398 0 EXIT 0
HTTP_RANGE 1533253992 1565716024
EXTRACTED 1441027034 1470617399 16
RANGE_ATTEMPT 1470617159 1501068931 0 EXIT 0
HTTP_RANGE 1565715785 1592670867
EXTRACTED 1470617159 1501068932 26
RANGE_ATTEMPT 1501068784 1533254231 0 EXIT 0
HTTP_RANGE 1592670628 1616132271
EXTRACTED 1501068784 1533254232 5
RANGE_ATTEMPT 1533253992 1565716024 0 EXIT 0
HTTP_RANGE 1616132032 1647561673
EXTRACTED 1533253992 1565716025 4
RANGE_ATTEMPT 1565715785 1592670867 0 EXIT 0
HTTP_RANGE 1647561434 1676317731
EXTRACTED 1565715785 1592670868 27
RANGE_ATTEMPT 1592670628 1616132271 0 EXIT 0
HTTP_RANGE 1676317492 1707606129
EXTRACTED 1592670628 1616132272 4
RANGE_ATTEMPT 1616132032 1647561673 0 EXIT 0
HTTP_RANGE 1707605890 1734790686
EXTRACTED 1616132032 1647561674 4
RANGE_ATTEMPT 1647561434 1676317731 0 EXIT 0
HTTP_RANGE 1734790536 1764213075
EXTRACTED 1647561434 1676317732 17
RANGE_ATTEMPT 1676317492 1707606129 0 EXIT 0
HTTP_RANGE 1764212836 1795965689
EXTRACTED 1676317492 1707606130 15
RANGE_ATTEMPT 1707605890 1734790686 0 EXIT 0
HTTP_RANGE 1795965450 1826839825
EXTRACTED 1707605890 1734790687 11
RANGE_ATTEMPT 1734790536 1764213075 0 EXIT 0
HTTP_RANGE 1826839586 1855799699
EXTRACTED 1734790536 1764213076 11
RANGE_ATTEMPT 1764212836 1795965689 0 EXIT 0
HTTP_RANGE 1855799460 1881845914
EXTRACTED 1764212836 1795965690 13
RANGE_ATTEMPT 1795965450 1826839825 0 EXIT 0
HTTP_RANGE 1881845675 1897386229
EXTRACTED 1795965450 1826839826 19
RANGE_ATTEMPT 1826839586 1855799699 0 EXIT 0
HTTP_RANGE 1947183888 1974572475
EXTRACTED 1826839586 1855799700 4
RANGE_ATTEMPT 1881845675 1897386229 0 EXIT 0
HTTP_RANGE 1974572236 1981355364
RANGE_ATTEMPT 1855799460 1881845914 0 EXIT 0
HTTP_RANGE 1994877948 2025097224
EXTRACTED 1855799460 1881845915 12
EXTRACTED 1881845675 1897386230 2
RANGE_ATTEMPT 1974572236 1981355364 0 EXIT 0
HTTP_RANGE 2075590207 2107229413
RANGE_ATTEMPT 1947183888 1974572475 0 EXIT 0
HTTP_RANGE 2107229174 2113410339
EXTRACTED 1947183888 1974572476 15
EXTRACTED 1974572236 1981355365 1
RANGE_ATTEMPT 2107229174 2113410339 0 EXIT 0
HTTP_RANGE 2151928495 2182648049
RANGE_ATTEMPT 1994877948 2025097224 0 EXIT 0
HTTP_RANGE 2182647810 2215990937
EXTRACTED 1994877948 2025097225 16
RANGE_ATTEMPT 2075590207 2107229413 0 EXIT 0
HTTP_RANGE 2215990698 2242377646
EXTRACTED 2075590207 2107229414 15
EXTRACTED 2107229174 2113410340 1
RANGE_ATTEMPT 2151928495 2182648049 0 EXIT 0
HTTP_RANGE 2242377407 2271970854
EXTRACTED 2151928495 2182648050 19
RANGE_ATTEMPT 2182647810 2215990937 0 EXIT 0
HTTP_RANGE 2271970707 2303820327
EXTRACTED 2182647810 2215990938 19
RANGE_ATTEMPT 2215990698 2242377646 0 EXIT 0
HTTP_RANGE 2332777590 2359934474
EXTRACTED 2215990698 2242377647 3
RANGE_ATTEMPT 2242377407 2271970854 0 EXIT 0
HTTP_RANGE 2359934235 2391073596
EXTRACTED 2242377407 2271970855 14
RANGE_ATTEMPT 2332777590 2359934474 0 EXIT 0
HTTP_RANGE 2391073357 2421416237
RANGE_ATTEMPT 2271970707 2303820327 0 EXIT 0
HTTP_RANGE 2421415998 2451286626
EXTRACTED 2271970707 2303820328 5
EXTRACTED 2332777590 2359934475 23
RANGE_ATTEMPT 2359934235 2391073596 0 EXIT 0
HTTP_RANGE 2451286387 2481293335
EXTRACTED 2359934235 2391073597 16
RANGE_ATTEMPT 2391073357 2421416237 0 EXIT 0
HTTP_RANGE 2481293096 2510390268
EXTRACTED 2391073357 2421416238 17
RANGE_ATTEMPT 2421415998 2451286626 0 EXIT 0
HTTP_RANGE 2510390029 2543539762
EXTRACTED 2421415998 2451286627 4
RANGE_ATTEMPT 2451286387 2481293335 0 EXIT 0
HTTP_RANGE 2543539523 2577059243
EXTRACTED 2451286387 2481293336 16
RANGE_ATTEMPT 2481293096 2510390268 0 EXIT 0
HTTP_RANGE 2577059004 2606288095
EXTRACTED 2481293096 2510390269 21
RANGE_ATTEMPT 2510390029 2543539762 0 EXIT 0
HTTP_RANGE 2606287944 2634749908
EXTRACTED 2510390029 2543539763 17
RANGE_ATTEMPT 2543539523 2577059243 0 EXIT 0
HTTP_RANGE 2634749669 2667600482
EXTRACTED 2543539523 2577059244 21
RANGE_ATTEMPT 2577059004 2606288095 0 EXIT 0
HTTP_RANGE 2667600243 2698961875
EXTRACTED 2577059004 2606288096 19
RANGE_ATTEMPT 2606287944 2634749908 0 EXIT 0
HTTP_RANGE 2698961636 2731638693
EXTRACTED 2606287944 2634749909 4
RANGE_ATTEMPT 2634749669 2667600482 0 EXIT 0
HTTP_RANGE 2731638454 2761933663
EXTRACTED 2634749669 2667600483 27
RANGE_ATTEMPT 2667600243 2698961875 0 EXIT 0
HTTP_RANGE 2761933424 2792368878
EXTRACTED 2667600243 2698961876 16
RANGE_ATTEMPT 2698961636 2731638693 0 EXIT 0
HTTP_RANGE 2792368639 2824857937
EXTRACTED 2698961636 2731638694 17
RANGE_ATTEMPT 2731638454 2761933663 0 EXIT 0
HTTP_RANGE 2824857698 2857865229
EXTRACTED 2731638454 2761933664 13
RANGE_ATTEMPT 2761933424 2792368878 0 EXIT 0
HTTP_RANGE 2857864990 2891287182
EXTRACTED 2761933424 2792368879 14
RANGE_ATTEMPT 2792368639 2824857937 0 EXIT 0
HTTP_RANGE 2891286943 2917845382
EXTRACTED 2792368639 2824857938 17
RANGE_ATTEMPT 2824857698 2857865229 0 EXIT 0
HTTP_RANGE 2917845143 2945003956
EXTRACTED 2824857698 2857865230 18
RANGE_ATTEMPT 2857864990 2891287182 0 EXIT 0
HTTP_RANGE 2945003805 2975790364
EXTRACTED 2857864990 2891287183 6
RANGE_ATTEMPT 2891286943 2917845382 0 EXIT 0
HTTP_RANGE 2975790125 3003856208
EXTRACTED 2891286943 2917845383 17
RANGE_ATTEMPT 2917845143 2945003956 0 EXIT 0
HTTP_RANGE 3003855969 3035891753
EXTRACTED 2917845143 2945003957 11
RANGE_ATTEMPT 2975790125 3003856208 0 EXIT 0
HTTP_RANGE 3035891514 3064998516
RANGE_ATTEMPT 2945003805 2975790364 0 EXIT 0
HTTP_RANGE 3064998277 3096514606
EXTRACTED 2945003805 2975790365 19
EXTRACTED 2975790125 3003856209 5
RANGE_ATTEMPT 3003855969 3035891753 0 EXIT 0
HTTP_RANGE 3096514367 3107859043
EXTRACTED 3003855969 3035891754 15
RANGE_ATTEMPT 3035891514 3064998516 0 EXIT 0
HTTP_RANGE 3132806211 3164174838
EXTRACTED 3035891514 3064998517 15
RANGE_ATTEMPT 3096514367 3107859043 0 EXIT 0
HTTP_RANGE 3164174599 3197254733
RANGE_ATTEMPT 3064998277 3096514606 0 EXIT 0
HTTP_RANGE 3197254494 3205394372
EXTRACTED 3064998277 3096514607 14
EXTRACTED 3096514367 3107859044 2
RANGE_ATTEMPT 3197254494 3205394372 0 EXIT 0
HTTP_RANGE 3230922103 3260811464
RANGE_ATTEMPT 3132806211 3164174838 0 EXIT 0
HTTP_RANGE 3260811225 3267227729
EXTRACTED 3132806211 3164174839 20
RANGE_ATTEMPT 3164174599 3197254733 0 EXIT 0
HTTP_RANGE 3377568329 3404406245
EXTRACTED 3164174599 3197254734 14
EXTRACTED 3197254494 3205394373 1
RANGE_ATTEMPT 3230922103 3260811464 0 EXIT 0
HTTP_RANGE 3404406006 3433301084
EXTRACTED 3230922103 3260811465 18
RANGE_ATTEMPT 3260811225 3267227729 0 EXIT 0
HTTP_RANGE 3433300845 3455963170
EXTRACTED 3260811225 3267227730 1
RANGE_ATTEMPT 3377568329 3404406245 0 EXIT 0
HTTP_RANGE 3455962931 3482683983
EXTRACTED 3377568329 3404406246 24
RANGE_ATTEMPT 3433300845 3455963170 0 EXIT 0
HTTP_RANGE 3482683841 3497255857
RANGE_ATTEMPT 3404406006 3433301084 0 EXIT 0
HTTP_RANGE 3736390803 3736521652
EXTRACTED 3404406006 3433301085 12
EXTRACTED 3433300845 3455963171 2
RANGE_ATTEMPT 3736390803 3736521652 0 EXIT 0
RANGE_ATTEMPT 3482683841 3497255857 0 EXIT 0
RANGE_ATTEMPT 3455962931 3482683983 0 EXIT 0
EXTRACTED 3455962931 3482683984 12
EXTRACTED 3482683841 3497255858 7
EXTRACTED 3736390803 3736521653 5
ASSET_EXTRACTION_COMPLETE
