HTTP_RANGE 10970687005 10970687026
RANGE_ATTEMPT 10970687005 10970687026 0 EXIT 0
HTTP_RANGE 10970686985 10970687004
RANGE_ATTEMPT 10970686985 10970687004 0 EXIT 0
HTTP_RANGE 10970686929 10970686984
RANGE_ATTEMPT 10970686929 10970686984 0 EXIT 0
HTTP_RANGE 10969484758 10970686928
RANGE_ATTEMPT 10969484758 10970686928 0 EXIT 0
{"missing_files": 1000, "missing_bytes": 1014785866}
HTTP_RANGE 9959841372 9993148529
HTTP_RANGE 9993148266 10026132622
HTTP_RANGE 10026132359 10058798712
RANGE_ATTEMPT 10026132359 10058798712 0 EXIT 0
HTTP_RANGE 10058798449 10091804101
RANGE_ATTEMPT 9993148266 10026132622 0 EXIT 0
HTTP_RANGE 10091803838 10125059513
RANGE_ATTEMPT 9959841372 9993148529 0 EXIT 0
HTTP_RANGE 10125059250 10157960381
EXTRACTED 9959841372 9993148530 33
EXTRACTED 9993148266 10026132623 33
EXTRACTED 10026132359 10058798713 34
RANGE_ATTEMPT 10058798449 10091804101 0 EXIT 0
HTTP_RANGE 10157960118 10190838889
EXTRACTED 10058798449 10091804102 33
RANGE_ATTEMPT 10125059250 10157960381 0 EXIT 0
HTTP_RANGE 10190838626 10224017649
RANGE_ATTEMPT 10091803838 10125059513 0 EXIT 0
HTTP_RANGE 10224017386 10256918414
EXTRACTED 10091803838 10125059514 31
EXTRACTED 10125059250 10157960382 33
RANGE_ATTEMPT 10157960118 10190838889 0 EXIT 0
HTTP_RANGE 10256918151 10289479647
EXTRACTED 10157960118 10190838890 32
RANGE_ATTEMPT 10224017386 10256918414 0 EXIT 0
HTTP_RANGE 10289479384 10323027832
RANGE_ATTEMPT 10190838626 10224017649 0 EXIT 0
HTTP_RANGE 10323027569 10355772244
EXTRACTED 10190838626 10224017650 33
EXTRACTED 10224017386 10256918415 33
RANGE_ATTEMPT 10256918151 10289479647 0 EXIT 0
HTTP_RANGE 10355771981 10389004316
EXTRACTED 10256918151 10289479648 33
RANGE_ATTEMPT 10323027569 10355772244 0 EXIT 0
HTTP_RANGE 10389004053 10422523571
RANGE_ATTEMPT 10289479384 10323027832 0 EXIT 0
HTTP_RANGE 10422523308 10455105748
EXTRACTED 10289479384 10323027833 32
EXTRACTED 10323027569 10355772245 30
curl: (35) OpenSSL SSL_connect: SSL_ERROR_SYSCALL in connection to huggingface.co:443 
RANGE_ATTEMPT 10355771981 10389004316 0 EXIT 35
curl: (35) OpenSSL SSL_connect: SSL_ERROR_SYSCALL in connection to huggingface.co:443 
RANGE_ATTEMPT 10389004053 10422523571 0 EXIT 35
curl: (35) OpenSSL SSL_connect: SSL_ERROR_SYSCALL in connection to huggingface.co:443 
RANGE_ATTEMPT 10422523308 10455105748 0 EXIT 35
curl: (35) OpenSSL SSL_connect: SSL_ERROR_SYSCALL in connection to huggingface.co:443 
RANGE_ATTEMPT 10355771981 10389004316 1 EXIT 35
curl: (35) OpenSSL SSL_connect: SSL_ERROR_SYSCALL in connection to huggingface.co:443 
RANGE_ATTEMPT 10389004053 10422523571 1 EXIT 35
curl: (35) OpenSSL SSL_connect: SSL_ERROR_SYSCALL in connection to us.aws.cdn.hf.co:443 
RANGE_ATTEMPT 10422523308 10455105748 1 EXIT 35
curl: (35) OpenSSL SSL_connect: SSL_ERROR_SYSCALL in connection to huggingface.co:443 
RANGE_ATTEMPT 10355771981 10389004316 2 EXIT 35
curl: (35) OpenSSL SSL_connect: SSL_ERROR_SYSCALL in connection to huggingface.co:443 
RANGE_ATTEMPT 10389004053 10422523571 2 EXIT 35
curl: (35) OpenSSL SSL_connect: SSL_ERROR_SYSCALL in connection to huggingface.co:443 
RANGE_ATTEMPT 10422523308 10455105748 2 EXIT 35
HTTP_RANGE 10355771981 10389004316
HTTP_RANGE 10389004053 10422523571
HTTP_RANGE 10422523308 10455105748
curl: (35) OpenSSL SSL_connect: SSL_ERROR_SYSCALL in connection to us.aws.cdn.hf.co:443 
RANGE_ATTEMPT 10355771981 10389004316 0 EXIT 35
curl: (35) OpenSSL SSL_connect: SSL_ERROR_SYSCALL in connection to huggingface.co:443 
RANGE_ATTEMPT 10422523308 10455105748 0 EXIT 35
curl: (35) OpenSSL SSL_connect: SSL_ERROR_SYSCALL in connection to huggingface.co:443 
RANGE_ATTEMPT 10355771981 10389004316 1 EXIT 35
curl: (35) OpenSSL SSL_connect: SSL_ERROR_SYSCALL in connection to huggingface.co:443 
RANGE_ATTEMPT 10422523308 10455105748 1 EXIT 35
curl: (35) OpenSSL SSL_connect: SSL_ERROR_SYSCALL in connection to huggingface.co:443 
RANGE_ATTEMPT 10355771981 10389004316 2 EXIT 35
curl: (35) OpenSSL SSL_connect: SSL_ERROR_SYSCALL in connection to huggingface.co:443 
RANGE_ATTEMPT 10422523308 10455105748 2 EXIT 35
HTTP_RANGE 10355771981 10389004316
HTTP_RANGE 10422523308 10455105748
curl: (35) OpenSSL SSL_connect: SSL_ERROR_SYSCALL in connection to huggingface.co:443 
RANGE_ATTEMPT 10355771981 10389004316 0 EXIT 35
curl: (35) OpenSSL SSL_connect: SSL_ERROR_SYSCALL in connection to huggingface.co:443 
RANGE_ATTEMPT 10422523308 10455105748 0 EXIT 35
curl: (35) OpenSSL SSL_connect: SSL_ERROR_SYSCALL in connection to huggingface.co:443 
RANGE_ATTEMPT 10355771981 10389004316 1 EXIT 35
curl: (35) OpenSSL SSL_connect: SSL_ERROR_SYSCALL in connection to huggingface.co:443 
RANGE_ATTEMPT 10422523308 10455105748 1 EXIT 35
curl: (35) OpenSSL SSL_connect: SSL_ERROR_SYSCALL in connection to huggingface.co:443 
RANGE_ATTEMPT 10355771981 10389004316 2 EXIT 35
curl: (35) OpenSSL SSL_connect: SSL_ERROR_SYSCALL in connection to huggingface.co:443 
RANGE_ATTEMPT 10422523308 10455105748 2 EXIT 35
HTTP_RANGE 10355771981 10389004316
HTTP_RANGE 10422523308 10455105748
curl: (28) Operation timed out after 59373 milliseconds with 3136604 out of 33519519 bytes received
RANGE_ATTEMPT 10389004053 10422523571 0 EXIT 28
RANGE_ATTEMPT 10422523308 10455105748 0 EXIT 0
HTTP_RANGE 10455105485 10488530382
RANGE_ATTEMPT 10355771981 10389004316 0 EXIT 0
HTTP_RANGE 10488530119 10521492187
EXTRACTED 10355771981 10389004317 35
RANGE_ATTEMPT 10389004053 10422523571 1 EXIT 0
HTTP_RANGE 10521491924 10554955724
EXTRACTED 10389004053 10422523572 34
EXTRACTED 10422523308 10455105749 34
curl: (35) OpenSSL SSL_connect: SSL_ERROR_SYSCALL in connection to us.aws.cdn.hf.co:443 
RANGE_ATTEMPT 10521491924 10554955724 0 EXIT 35
RANGE_ATTEMPT 10488530119 10521492187 0 EXIT 0
HTTP_RANGE 10554955461 10588273795
RANGE_ATTEMPT 10455105485 10488530382 0 EXIT 0
HTTP_RANGE 10588273532 10621668381
EXTRACTED 10455105485 10488530383 34
EXTRACTED 10488530119 10521492188 33
curl: (35) OpenSSL SSL_connect: SSL_ERROR_SYSCALL in connection to huggingface.co:443 
RANGE_ATTEMPT 10554955461 10588273795 0 EXIT 35
curl: (35) OpenSSL SSL_connect: SSL_ERROR_SYSCALL in connection to huggingface.co:443 
RANGE_ATTEMPT 10554955461 10588273795 1 EXIT 35
RANGE_ATTEMPT 10588273532 10621668381 0 EXIT 0
HTTP_RANGE 10621668118 10654847557
RANGE_ATTEMPT 10621668118 10654847557 0 EXIT 0
HTTP_RANGE 10654847294 10687960648
curl: (28) Operation timed out after 33925 milliseconds with 31767816 out of 33463801 bytes received
RANGE_ATTEMPT 10521491924 10554955724 1 EXIT 28
RANGE_ATTEMPT 10554955461 10588273795 2 EXIT 0
HTTP_RANGE 10687960385 10721091524
RANGE_ATTEMPT 10654847294 10687960648 0 EXIT 0
HTTP_RANGE 10721091261 10753736310
RANGE_ATTEMPT 10521491924 10554955724 2 EXIT 0
HTTP_RANGE 10753736047 10786848381
EXTRACTED 10521491924 10554955725 33
EXTRACTED 10554955461 10588273796 31
EXTRACTED 10588273532 10621668382 34
EXTRACTED 10621668118 10654847558 30
EXTRACTED 10654847294 10687960649 34
RANGE_ATTEMPT 10687960385 10721091524 0 EXIT 0
HTTP_RANGE 10786848118 10820297962
EXTRACTED 10687960385 10721091525 33
curl: (35) OpenSSL SSL_connect: SSL_ERROR_SYSCALL in connection to us.aws.cdn.hf.co:443 
RANGE_ATTEMPT 10721091261 10753736310 0 EXIT 35
curl: (35) OpenSSL SSL_connect: SSL_ERROR_SYSCALL in connection to huggingface.co:443 
RANGE_ATTEMPT 10753736047 10786848381 0 EXIT 35
curl: (35) OpenSSL SSL_connect: SSL_ERROR_SYSCALL in connection to huggingface.co:443 
RANGE_ATTEMPT 10786848118 10820297962 0 EXIT 35
curl: (35) OpenSSL SSL_connect: SSL_ERROR_SYSCALL in connection to huggingface.co:443 
RANGE_ATTEMPT 10721091261 10753736310 1 EXIT 35
curl: (35) OpenSSL SSL_connect: SSL_ERROR_SYSCALL in connection to huggingface.co:443 
RANGE_ATTEMPT 10753736047 10786848381 1 EXIT 35
curl: (35) OpenSSL SSL_connect: SSL_ERROR_SYSCALL in connection to huggingface.co:443 
RANGE_ATTEMPT 10786848118 10820297962 1 EXIT 35
curl: (35) OpenSSL SSL_connect: SSL_ERROR_SYSCALL in connection to huggingface.co:443 
RANGE_ATTEMPT 10721091261 10753736310 2 EXIT 35
curl: (35) OpenSSL SSL_connect: SSL_ERROR_SYSCALL in connection to huggingface.co:443 
RANGE_ATTEMPT 10753736047 10786848381 2 EXIT 35
curl: (35) OpenSSL SSL_connect: SSL_ERROR_SYSCALL in connection to huggingface.co:443 
RANGE_ATTEMPT 10786848118 10820297962 2 EXIT 35
HTTP_RANGE 10721091261 10753736310
HTTP_RANGE 10753736047 10786848381
HTTP_RANGE 10786848118 10820297962
curl: (35) OpenSSL SSL_connect: SSL_ERROR_SYSCALL in connection to huggingface.co:443 
RANGE_ATTEMPT 10721091261 10753736310 0 EXIT 35
curl: (35) OpenSSL SSL_connect: SSL_ERROR_SYSCALL in connection to huggingface.co:443 
RANGE_ATTEMPT 10753736047 10786848381 0 EXIT 35
curl: (35) OpenSSL SSL_connect: SSL_ERROR_SYSCALL in connection to huggingface.co:443 
RANGE_ATTEMPT 10786848118 10820297962 0 EXIT 35
curl: (35) OpenSSL SSL_connect: SSL_ERROR_SYSCALL in connection to huggingface.co:443 
RANGE_ATTEMPT 10721091261 10753736310 1 EXIT 35
RANGE_ATTEMPT 10753736047 10786848381 1 EXIT 0
HTTP_RANGE 10820297699 10852950232
RANGE_ATTEMPT 10786848118 10820297962 1 EXIT 0
HTTP_RANGE 10852949969 10885881453
RANGE_ATTEMPT 10721091261 10753736310 2 EXIT 0
HTTP_RANGE 10885881190 10918441977
EXTRACTED 10721091261 10753736311 35
EXTRACTED 10753736047 10786848382 33
EXTRACTED 10786848118 10820297963 33
RANGE_ATTEMPT 10820297699 10852950232 0 EXIT 0
HTTP_RANGE 10918441714 10951581284
EXTRACTED 10820297699 10852950233 32
RANGE_ATTEMPT 10852949969 10885881453 0 EXIT 0
HTTP_RANGE 10951581021 10969485021
EXTRACTED 10852949969 10885881454 33
RANGE_ATTEMPT 10885881190 10918441977 0 EXIT 0
EXTRACTED 10885881190 10918441978 31
RANGE_ATTEMPT 10951581021 10969485021 0 EXIT 0
RANGE_ATTEMPT 10918441714 10951581284 0 EXIT 0
EXTRACTED 10918441714 10951581285 30
EXTRACTED 10951581021 10969485022 18
ASSET_EXTRACTION_COMPLETE
